// Jest Snapshot v1, https://jestjs.io/docs/snapshot-testing

exports[`<HomePage /> Should be able to render correctly 1`] = `
<DocumentFragment>
  <div
    class="MuiGrid-root MuiGrid-container MuiGrid-direction-xs-row css-wjsns7-MuiGrid-root"
  >
    <div
      class="MuiGrid-root MuiGrid-direction-xs-row MuiGrid-grid-xs-12 MuiGrid-grid-md-8 css-q5srq4-MuiGrid-root"
    >
      <h4
        class="MuiTypography-root MuiTypography-h4 css-1ugojh5-MuiTypography-root"
      >
        Sistema de Aprobación
      </h4>
      <h6
        class="MuiTypography-root MuiTypography-h6 css-1l6xtz1-MuiTypography-root"
      >
        Gestiona y supervisa todas las solicitudes de aprobación de manera eficiente.
      </h6>
    </div>
    <div
      class="MuiGrid-root MuiGrid-direction-xs-row MuiGrid-grid-xs-12 MuiGrid-grid-md-4 css-1bka3le-MuiGrid-root"
    >
      <button
        class="MuiButtonBase-root MuiButton-root MuiButton-contained MuiButton-containedPrimary MuiButton-sizeMedium MuiButton-containedSizeMedium MuiButton-colorPrimary MuiButton-root MuiButton-contained MuiButton-containedPrimary MuiButton-sizeMedium MuiButton-containedSizeMedium MuiButton-colorPrimary css-74d805-MuiButtonBase-root-MuiButton-root"
        tabindex="0"
        type="button"
      >
        + Crear una nueva solicitud
      </button>
    </div>
  </div>
  <div>
    StatusCard
  </div>
  <div>
    TableRequest
  </div>
</DocumentFragment>
`;
